                                * 
                               * * 
                              *   * 
                             * * * * 
                            *       * 
                           * *     * * 
                          *   *   *   * 
                         * * * * * * * * 
                        *               * 
                       * *             * * 
                      *   *           *   * 
                     * * * *         * * * * 
                    *       *       *       * 
                   * *     * *     * *     * * 
                  *   *   *   *   *   *   *   * 
                 * * * * * * * * * * * * * * * * 
                *                               * 
               * *                             * * 
              *   *                           *   * 
             * * * *                         * * * * 
            *       *                       *       * 
           * *     * *                     * *     * * 
          *   *   *   *                   *   *   *   * 
         * * * * * * * *                 * * * * * * * * 
        *               *               *               * 
       * *             * *             * *             * * 
      *   *           *   *           *   *           *   * 
     * * * *         * * * *         * * * *         * * * * 
    *       *       *       *       *       *       *       * 
   * *     * *     * *     * *     * *     * *     * *     * * 
  *   *   *   *   *   *   *   *   *   *   *   *   *   *   *   * 
 * * * * * * * * * * * * * * * * * * * * * * * * * * * * * * * * 
[exit 0]
