.............::::::::::---------------------------::::::::::::::
............::::::------------------=====+*##++====----:::::::::
..........:::::-----------------=======+++*%=: #+=====----::::::
.........::::----------------========+++*% -:@: *+++====-----:::
........:::----------------=======+****#%:@@@@@-%#*++++==------:
.......::---------------=====+++*#- =..@* @=@@:.@=@%%# .*==-----
......::-------------==+++++++**#%.-@@@@@@@@@@@@@@@@@@-.*+==----
......:---------===*#****+***##%-@@@@@@@@@@@@@@@@@@@@@# #*+=----
.....:---======+++*#-=:..+-.   ..@@@@@@@@@@@@@@@@@@@@@@@:#+==---
.....--======++++*##.=:@@@@@@.=#@@@@@@@@@@@@@@@@@@@@@@@@:*+===--
.....======****#%+:=%@@@@@@@@@@@@@@@@@@@@@@@@@@@@@@@@@@*#++===--
.....@@@@@@@@@@@@@@@@@@@@@@@@@@@@@@@@@@@@@@@@@@@@@@@@* #*++===--
.....======****#%+:=%@@@@@@@@@@@@@@@@@@@@@@@@@@@@@@@@@@*#++===--
.....--======++++*##.=:@@@@@@.=#@@@@@@@@@@@@@@@@@@@@@@@@:*+===--
.....:---======+++*#-=:..+-.   ..@@@@@@@@@@@@@@@@@@@@@@@:#+==---
......:---------===*#****+***##%-@@@@@@@@@@@@@@@@@@@@@# #*+=----
......::-------------==+++++++**#%.-@@@@@@@@@@@@@@@@@@-.*+==----
.......::---------------=====+++*#- =..@* @=@@:.@=@%%# .*==-----
........:::----------------=======+****#%:@@@@@-%#*++++==------:
.........::::----------------========+++*% -:@: *+++====-----:::
..........:::::-----------------=======+++*%=: #+=====----::::::
............::::::------------------=====+*##++====----:::::::::
[exit 0]
