╔══════════════════════════════════════╗
║         COBALTC TINYOS v0.1          ║
╚══════════════════════════════════════╝

[ OK ] 64 KB physical memory: 256 pages of 256 bytes
[ OK ] page allocator: 240 free pages, zeroed when handed out
[ OK ] virtual memory: a 16-page (4 KB) address space per process
[ OK ] process manager
[ OK ] scheduler: round robin, timer interrupt every 12 instructions
[ OK ] filesystem

kernel: spawning PID 1 (fib): 247 bytes of code, 3 pages
kernel: spawning PID 2 (files): 81 bytes of code, 3 pages
kernel: spawning PID 3 (memory): 140 bytes of code, 3 pages
kernel: spawning PID 4 (producer): 50 bytes of code, 3 pages
kernel: spawning PID 5 (consumer): 73 bytes of code, 3 pages

[PID 1] syscall: puts
[PID 1] syscall: putn
[PID 1] syscall: puts
[SCHED] 1 → 2
[PID 2] syscall: open
[PID 2] syscall: write
[PID 2] syscall: open
[SCHED] 2 → 3
[PID 3] syscall: alloc
[PID 3] syscall: alloc
[SCHED] 3 → 4
[PID 4] syscall: send
[PID 4] syscall: send
[SCHED] 4 → 5
[PID 5] syscall: recv
[PID 5] syscall: recv
[PID 5] syscall: recv
[SCHED] 5 → 1
[SCHED] 1 → 2
[PID 2] syscall: read
[PID 2] syscall: puts
[PID 2] written to notes.txt, opened again, read back
[PID 2] syscall: exit
kernel: PID 2 (files) exited, 3 pages freed
[SCHED] 2 → 3
[SCHED] 3 → 4
[PID 4] syscall: send
[PID 4] syscall: send
[PID 4] syscall: send
[SCHED] 4 → 5
[PID 5] syscall: recv
[PID 5] syscall: recv
[PID 5] syscall: recv
[SCHED] 5 → 1
[SCHED] 1 → 3
[SCHED] 3 → 4
[PID 4] syscall: send
[PID 4] syscall: send
[PID 4] syscall: puts
[PID 4] sent 1 to 6
[SCHED] 4 → 5
[PID 5] syscall: recv
[PID 5] syscall: recv
[PID 5] syscall: puts
[SCHED] 5 → 1
[SCHED] 1 → 3
[SCHED] 3 → 4
[PID 4] syscall: exit
kernel: PID 4 (producer) exited, 3 pages freed
[SCHED] 4 → 5
[PID 5] syscall: putn
[PID 5] syscall: puts
[PID 5] received six numbers, sum = 21
        ... (tracing stops here; kernel messages and process output continue)
kernel: PID 5 (consumer) exited, 3 pages freed
[PID 1] fib(10) = 55
[PID 1] fib(24) = 46368
[PID 1] fib(40) = 102334155
kernel: PID 1 (fib) exited, 3 pages freed
[PID 3] sum of 64 bytes on a heap page = 2080
[PID 3] freed both pages; now reading one anyway
kernel: PID 3: page fault at 0x0900
kernel: PID 3 (memory) killed, 3 pages freed

kernel: all processes exited
kernel: file notes.txt, 46 bytes
kernel: shutting down

pages handed out:  17
free pages now:    240 of 240
context switches:  95
system calls:      51
instructions:      1213
page faults:       1
[exit 0]
