$ safe_save $TMP
make_dir notes: true
make_dir notes again: false
recover: 0 stray files
saved version 1:
    | ferry at six
saved version 2:
    | ferry at six
    | gulls at seven
  notes/ holds: today.txt
a save is interrupted before its rename:
  notes/ holds: today.txt today.txt.tmp
  today.txt still reads:
    | ferry at six
    | gulls at seven
the program starts again:
  recovered: removed today.txt.tmp
recover: 1 stray files
  notes/ holds: today.txt
make_dir where a file is: Err(input/output error)
remove_dir notes while it holds a file: Err(input/output error)
after removing today.txt and notes: notes is gone
[exit 0]
$ safe_save $TMP/missing
safe_save: DIR does not exist, so notes cannot be made in it
[exit 1]
$ safe_save
usage: safe_save DIR
[exit 2]
