$ tree data/site
data/site/  398
├── about.html  67
├── blog/  108
│   ├── 2026/  93
│   │   ├── first-ferry.md  54
│   │   └── gulls.md  39
│   └── drafts/  15
│       └── lighthouse.md  15
├── css/  62
│   └── site.css  62
├── img/  99
│   └── logo.svg  99
└── index.html  62
5 directories, 7 files, 398 bytes
[exit 0]
$ tree -s data/site
data/site/  398
├── blog/  108
│   ├── 2026/  93
│   │   ├── first-ferry.md  54
│   │   └── gulls.md  39
│   └── drafts/  15
│       └── lighthouse.md  15
├── img/  99
│   └── logo.svg  99
├── about.html  67
├── css/  62
│   └── site.css  62
└── index.html  62
5 directories, 7 files, 398 bytes
[exit 0]
$ tree data/site/blog
data/site/blog/  108
├── 2026/  93
│   ├── first-ferry.md  54
│   └── gulls.md  39
└── drafts/  15
    └── lighthouse.md  15
2 directories, 3 files, 108 bytes
[exit 0]
$ tree data/site/index.html
data/site/index.html  62
0 directories, 0 files, 62 bytes
[exit 0]
$ tree data/nowhere
tree: data/nowhere: no such file or directory
[exit 1]
$ tree
usage: tree [-s] DIR
[exit 2]
