$ convert 255
dec  255
hex  ff
bin  11111111
fits u8 i16 u16 i32 u32 i64 u64 i128 u128
[exit 0]
$ convert -128
dec  -128
hex  -80
bin  -10000000
fits i8 i16 i32 i64 i128
[exit 0]
$ convert 40000
dec  40000
hex  9c40
bin  1001110001000000
fits u16 i32 u32 i64 u64 i128 u128
[exit 0]
$ convert -170141183460469231731687303715884105728
dec  -170141183460469231731687303715884105728
hex  -80000000000000000000000000000000
bin  -10000000000000000000000000000000000000000000000000000000000000000000000000000000000000000000000000000000000000000000000000000000
fits i128
[exit 0]
$ convert 340282366920938463463374607431768211455
dec  340282366920938463463374607431768211455
hex  ffffffffffffffffffffffffffffffff
bin  11111111111111111111111111111111111111111111111111111111111111111111111111111111111111111111111111111111111111111111111111111111
fits u128
[exit 0]
$ convert 340282366920938463463374607431768211456
convert: "340282366920938463463374607431768211456" is beyond every integer type
[exit 2]
$ convert 0x1f
convert: "0x1f" is not an integer (byte 1)
[exit 1]
$ convert
usage: convert INTEGER
[exit 3]
