$ stats 3 1 4 1 5 9 2 6
count  8
min    1.0
max    9.0
sum    31.0
mean   3.875
median 3.5
[exit 0]
$ stats 2.5 -1.0e3 0.125 7
count  4
min    -1000.0
max    7.0
sum    -990.375
mean   -247.59375
median 1.3125
[exit 0]
$ stats 42
count  1
min    42.0
max    42.0
sum    42.0
mean   42.0
median 42.0
[exit 0]
$ stats
usage: stats NUMBER...
[exit 2]
$ stats 1 2 3x 4
stats: argument 3 ("3x") is not a number: byte 1 cannot continue one
[exit 1]
$ stats 1 1e400
stats: argument 2 ("1e400") is too large for an f64
[exit 1]
$ stats 1 ""
stats: argument 2 ("") is empty
[exit 1]
