$ table "item,qty,price" "apple,3,0.5" "pear,12,1.25" "fig,100,0.05"
item   qty  price
apple  3    0.5
pear   12   1.25
fig    100  0.05
total  115  21.5
[exit 0]
$ table "item,qty,price" "apple,3,0.5" "pear,-2,1.25"
table: row 3, qty: "-2" is not a whole number
[exit 1]
$ table "item,qty,price" "apple,3,0.5" "pear,2, 1.25"
table: row 3, price: " 1.25" is not a number
[exit 1]
$ table "item,qty,price" "apple,3" "pear,2,1.25"
table: row 2 has 2 cells, not 3
[exit 1]
$ table "item,qty,price" "a,4000000000,1" "b,4000000000,1"
table: the quantities add up to more than a u32 holds
[exit 1]
$ table "item,qty,price"
usage: table "item,qty,price" ROW...
[exit 2]
