$ rot13 < data/secret.rot13
Meet at the pier when the last ferry is in.
Bring the lantern, not the torch.
rot13: 79 bytes, 59 letters turned
[exit 0]
$ rot13 7 < data/secret.rot13
Meet at the pier when the last ferry is in.
Bring the lantern, not the torch.
rot13: 79 bytes, 59 letters turned
[exit 0]
$ rot13 1 < data/secret.rot13
Meet at the pier when the last ferry is in.
Bring the lantern, not the torch.
rot13: 79 bytes, 59 letters turned
[exit 0]
$ rot13 < data/notes_latin1.txt
pnsé bcraf ng rvtug
sreel ng avar
rot13: 34 bytes, 26 letters turned
[exit 0]
$ rot13 < data/empty.txt
rot13: 0 bytes, 0 letters turned
[exit 0]
$ rot13 0 < data/harbour.txt
rot13: CHUNK must be a positive number, not "0"
[exit 2]
