$ rpn < data/sums.txt
3 4 + 2 * = 14
10 3 % = 1
2 neg 5 swap - = 7
  9223372036854775807 1 +
                        ^ the result does not fit in an i64
  1 2 3
  3 values left; one was expected
  7 0 /
      ^ division by zero
4 dup * dup * = 256
  5 x *
    ^ not a number or an operator
  +
  ^ needs more values
  -9223372036854775808 neg
                       ^ the result does not fit in an i64
100 7 / 7 * 100 swap - = 2
[exit 1]
$ rpn < data/sums_crlf.txt
6 7 * = 42
line 2: not UTF-8 at byte 3
2 2 + = 4
[exit 1]
$ rpn < data/empty.txt
[exit 0]
