$ uniq_count < data/fruit.txt
      3 apple
      2 banana
      2 cherry
      1 Apple
      1 Banana
      1 date
      1 elderberry
(11 lines, 7 different)
[exit 0]
$ uniq_count -i < data/fruit.txt
      4 apple
      3 banana
      2 cherry
      1 date
      1 elderberry
(11 lines, 5 different)
[exit 0]
$ uniq_count -i -d < data/fruit_crlf.txt
      4 apple
      3 banana
      2 cherry
(11 lines, 5 different)
[exit 0]
$ uniq_count < data/colours_latin1.txt
uniq_count: line 3: not UTF-8 at byte 1, skipped
uniq_count: line 5: not UTF-8 at byte 2, skipped
      3 red
      2 green
(7 lines, 2 different)
[exit 1]
$ uniq_count < data/empty.txt
(0 lines, 0 different)
[exit 0]
$ uniq_count -x < data/fruit.txt
uniq_count: unknown option "-x"
usage: uniq_count [-i] [-d] < FILE
[exit 2]
