$ hashsum < data/abc.txt
ba7816bf8f01cfea414140de5dae2223b00361a396177a9cb410ff61f20015ad  sha256 (3 bytes)
[exit 0]
$ hashsum -a sha384 < data/abc.txt
cb00753f45a35e8bb5a03d699ac65007272c32ab0eded1631a8b605a43ff5bed8086072ba1e7cc2358baeca134c825a7  sha384 (3 bytes)
[exit 0]
$ hashsum -a sha512 < data/fox.txt
a12ac6bdd854ac30c5cc5b576e1ee2c060c0d8c2bec8797423d7119aa2b962f7f30ce2e39879cbff0109c8f0a3fd9389a369daae45df7d7b286d7d98272dc5b1  sha512 (44 bytes)
[exit 0]
$ hashsum -b < data/fox.txt
wDkF/Nqyl1E6Yg7IHtRspE3bYtQcu9g+tKWjWSviamk=  sha256 (44 bytes)
[exit 0]
$ hashsum -a sha512 -b < data/empty.txt
z4PhNX7vuL3xVChQ1m2AB9Yg5AULVxXcg/SpIdNs6c5H0NE8XYXysP+DGNKHfuwvY7kxvUdBeoGlODJ6+SfaPg==  sha512 (0 bytes)
[exit 0]
$ hashsum -a md5 < data/abc.txt
hashsum: unknown algorithm
usage: hashsum [-a sha256|sha384|sha512] [-b] < FILE
[exit 2]
$ hashsum -x < data/abc.txt
hashsum: unknown option
usage: hashsum [-a sha256|sha384|sha512] [-b] < FILE
[exit 2]
