HS256 token:
  eyJ0eXAiOiJKV1QiLA0KICJhbGciOiJIUzI1NiJ9.eyJpc3MiOiJqb2UiLA0KICJleHAiOjEzMDA4MTkzODAsDQogImh0dHA6Ly9leGFtcGxlLmNvbS9pc19yb290Ijp0cnVlfQ.dBjftJeZ4CVP-mB92K27uhbUJU1p1r_wW1gFWFOEjXk
  matches RFC 7515 A.1: true
  before exp             accepted: {"iss":"joe",
 "exp":1300819380,
 "http://example.com/is_root":true}
  after exp              refused: expired at 1300819380
  claims changed         refused: bad signature

EdDSA public key (RFC 8037 A.2: 11qYAYKx...): 11qYAYKxCrfVS_7TyWQHOg7hcvPapiMlrwIaaPcHURo
EdDSA token:
  eyJhbGciOiJFZERTQSJ9.RXhhbXBsZSBvZiBFZDI1NTE5IHNpZ25pbmc.hgyY0il_MGCjP0JzlnLWG1PPOt7-09PGcvMg3AIbQR6dWbhijcNR4ki4iylGjg5BhVsPt9g7sVvpAr_MuM0KAg
  matches RFC 8037 A.4: true
  as signed              accepted: Example of Ed25519 signing
  claims changed         refused: bad signature

ES256 public key x (RFC 7515 A.3: f83OJ3D2...): f83OJ3D2xF1Bg8vub9tLe1gHMzV76e8Tus9uPHvRVEU
ES256 token:
  eyJhbGciOiJFUzI1NiIsInR5cCI6IkpXVCJ9.eyJzdWIiOiJhbGljZSIsInJvbGUiOiJhZG1pbiIsImV4cCI6MjAwMDAwMDAwMH0.a3XTkwLluj6Q-MqnCVsMViGVnpmpm5IL_i98JDJpKaFkbMGl3yFGZY175HiRfCwkwrwmsWRQUn5LS9Nhg4lDIg
  as signed              accepted: {"sub":"alice","role":"admin","exp":2000000000}
  claims changed         refused: bad signature

RS256 token:
  eyJhbGciOiJSUzI1NiJ9.eyJzdWIiOiJidWlsZC1ib3QiLCJleHAiOjIwMDAwMDAwMDB9.a1YMHP5AOZ677zXt5enIpMwF9EQhanObnL74HZNAnFQpz2ipCmzeogDjO5fusWbJzf7JisAmbyWoZ4hDimsHxDgwIU8c16faONFVNKdHljJVS9tIylsTuQ6YJIj7LpJtIWrwJURXW2epeayCsFWy20UzwKwhLMmxIHpWW7Iz3nM
  as signed              accepted: {"sub":"build-bot","exp":2000000000}
  claims changed         refused: bad signature

forged tokens:
  alg none               refused: header says none
  HS256 with public key  refused: header says HS256
  EdDSA to ES256 check   refused: header says EdDSA
  not three parts        refused: malformed
[exit 0]
