stored records:
  alice  $argon2id$v=19$m=64,t=1,p=1$OO43Yik+PpX2YYbPe/7Xog$5hfKhVXJi+1NbAmwE3FHeLGpVik6cB23
  bob    $argon2id$v=19$m=64,t=1,p=1$HP1dwjxDiAe9/4etcx00fw$AvxnPwROM+wYdCKbxwq40/zaKaQQTVAC
  dave   $argon2id$v=19$m=64,t=1,p=1$kybkjG0kMboUqAhbIVtEZA$gIAACIcE7krRIh73veq8vE9e5nC/I8wZ
  carol  $pbkdf2-sha256$i=200$LIW351uTbRGdYVWfUbNkgg$Mk3tou8yiPNY0mVOLLLlM7N9cg19WNodi5zqA06mHoA
  (alice and dave share a password; their salts make the records differ)

logins:
  alice  correct horse battery    welcome
  alice  correct horse batterY    refused
  bob    Tr0ub4dor&3              welcome
  eve    anything                 refused
  carol  letmein                  refused
  carol  letmein2019              welcome (record upgraded to Argon2id)
  carol's record is now $argon2id$v=19$m=64,t=1,p=1$2LkckcIxKEtyNLswvyOKzA$XyZu4gb1nl7vbSC/ReWszCFX6+mHOXXS
  carol  letmein2019              welcome

argon2-cffi's hash of "pw-one": true, of "pw-two": false
not an Argon2id string: false

API token given out once: 444746bf11b438a49881fb5f6e4ceccf4f4124b628cf55560427e0c25e719762
server keeps only:        3a93eb2ad7fae0a766c4975c612228fc8d4cc4330350a50045a464733bfe23c2
presented token matches:  true
[exit 0]
