release public key, to pin:
-----BEGIN PUBLIC KEY-----
MCowBQYDK2VwAyEAoTTaXXSOw0CFjZ1kkdf6NH28GNQ3ADjZUquFTsj6usU=
-----END PUBLIC KEY-----

MANIFEST:
84ceaed2e0146f7167761f25f0d1f4862b6e704208ab436a658e38705814f031  cobaltc-1.4.0.tar
dac55ffa4cb322dd1a2a4d105eb7fd0cb61eb54b7dfca928089f19802aa668ed  install.sh
71dcbebbaa7558ad9c437b17edceb94be2e22b9564655f559059a4a65bb00438  README

MANIFEST.sig (Ed25519, base64): m9G0Za3Uh5Lf6cdE0iRUAIIAIzWz3CuXtMM+JxN3KbMjperrJ6huhWz6ebLY2G9+DBf9o5oEx6h8ljZxx6rpDw==
signing again gives the same bytes: true

as published                 ok
install.sh replaced          REFUSED: install.sh does not match the manifest
manifest rewritten to match  REFUSED: manifest signature does not verify
README not downloaded        REFUSED: README is missing

backup key as PKCS #8 matches openssl pkcs8 -topk8: true
MANIFEST.sig2 (ECDSA P-256, DER, 70 bytes): 304402203bdee5499bc65581b60f43836b94895afd081872d2d0a1b5cc2d9069d9e9c21e0220285b6b9b12f51a0f4ed631284ff7c4f302f4828c21a9bfd165051a1cd99bb127
countersignature             ok
countersig under release key REFUSED: manifest signature does not verify
release sig under backup key REFUSED: manifest signature does not verify
[exit 0]
