$ wordfreq data/harbour.txt
data/harbour.txt: 116 words, 60 different
 1. the         27 ###########################
 2. town         5 #####
 3. boats        5 #####
 4. and          5 #####
 5. in           3 ###
 6. with         3 ###
 7. one          3 ###
 8. harbour      2 ##
 9. out          2 ##
10. gulls        2 ##
[exit 0]
$ wordfreq data/harbour.txt 3
data/harbour.txt: 116 words, 60 different
 1. the         27 ###########################
 2. town         5 #####
 3. boats        5 #####
[exit 0]
$ wordfreq data/harbour.txt many
wordfreq: TOP must be a number, not "many"
[exit 2]
$ wordfreq data/missing.txt
wordfreq: cannot read data/missing.txt
[exit 1]
$ wordfreq
usage: wordfreq FILE [TOP]
[exit 2]
