$ hexdump data/tiny.png
data/tiny.png: 98 bytes, from 0
00000000  89 50 4e 47 0d 0a 1a 0a  00 00 00 0d 49 48 44 52  |.PNG........IHDR|
00000010  00 00 00 04 00 00 00 04  08 02 00 00 00 26 93 09  |.............&..|
00000020  29 00 00 00 29 49 44 41  54 78 da 0d c7 31 01 00  |)...)IDATx...1..|
00000030  00 0c c2 30 84 55 18 72  2a 02 81 5b be 24 91 d8  |...0.U.r*..[.$..|
00000040  b8 98 20 58 1c 9f 4a 6d  5d 3f 93 d9 b9 79 d9 63  |.. X..Jm]?...y.c|
00000050  15 41 ea 1b 95 a9 00 00  00 00 49 45 4e 44 ae 42  |.A........IEND.B|
00000060  60 82                                             |`.|
[exit 0]
$ hexdump data/server.log 150 40
data/server.log: 496 bytes, from 150
00000096  34 73 0a 32 30 32 36 2d  30 39 2d 32 30 20 30 38  |4s.2026-09-20 08|
000000a6  3a 30 32 3a 34 30 20 45  52 52 4f 52 20 64 61 74  |:02:40 ERROR dat|
000000b6  61 62 61 73 65 20 63 6f                           |abase co|
[exit 0]
$ hexdump data/server.log 480
data/server.log: 496 bytes, from 480
000001e0  20 20 73 68 75 74 74 69  6e 67 20 64 6f 77 6e 0a  |  shutting down.|
[exit 0]
$ hexdump data/tiny.png 500
hexdump: offset 500 is past the end (98 bytes)
[exit 1]
$ hexdump data/tiny.png x
hexdump: the offset is not a number
[exit 2]
$ hexdump data/missing.bin
hexdump: data/missing.bin: no such file
[exit 1]
$ hexdump
usage: hexdump FILE [OFFSET [COUNT]]
[exit 2]
