$ logscan $TMP data/server.log data/missing.log data/worker.log
logscan: data/server.log:7: not UTF-8 at byte 30, skipped
data/server.log: 10 lines, INFO 5, WARN 2, ERROR 2
logscan: data/missing.log: no such file
data/worker.log: 3 lines, INFO 2, ERROR 1
--- errors.txt
data/server.log:4: 2026-09-20 08:02:40 ERROR database connection lost
data/server.log:8: 2026-09-20 08:07:19 ERROR disk quota exceeded on /var/spool
data/worker.log:2: 2026-09-21 09:00:30 ERROR job 17 failed: timeout
--- history.txt
data/server.log: 10 lines, INFO 5, WARN 2, ERROR 2
data/worker.log: 3 lines, INFO 2, ERROR 1
[exit 1]
$ logscan $TMP data/worker.log
data/worker.log: 3 lines, INFO 2, ERROR 1
--- errors.txt
data/worker.log:2: 2026-09-21 09:00:30 ERROR job 17 failed: timeout
--- history.txt
data/worker.log: 3 lines, INFO 2, ERROR 1
[exit 0]
$ logscan
usage: logscan DIR LOG...
[exit 2]
