$ pngchunks data/tiny.png $TMP
data/tiny.png:
  IHDR at   8,  13 bytes of data
       4 x 4 pixels
  IDAT at  33,  41 bytes of data
  IEND at  86,   0 bytes of data
  IHDR crc 26930929 ok
  IDAT crc ea1b95a9 ok
  IEND crc ae426082 ok
a copy with byte 50 changed:
  IHDR crc 26930929 ok
  IDAT crc 1bc19003, stored ea1b95a9: DAMAGED
  IEND crc ae426082 ok
1 damaged chunk(s)
[exit 0]
$ pngchunks data/server.log $TMP
data/server.log:
pngchunks: data/server.log: not a PNG file
[exit 1]
$ pngchunks data/missing.png $TMP
data/missing.png:
pngchunks: data/missing.png: no such file
[exit 1]
$ pngchunks
usage: pngchunks FILE.png DIR
[exit 2]
