$ wavsynth $TMP
mixed     peak 32768  rms 16223.40  clipped 561
low-pass  peak 29524  rms 13767.35  clipped 0
wrote tones16.wav: 16044 bytes, streamed, sizes patched by seek
wrote tones8.wav: 8044 bytes, in one write
waveform (low-pass, 200 samples a column; rows at 24000, 12000, 0, -12000, -24000):
                 ####################     
                 ####################     
  ###################################-----
                 ####################     
                 ####################     
reading tones16.wav back:
  RIFF size 16036 (file 16044 bytes), form WAVE
  chunk 'fmt ' at 12, 16 bytes
    format 1, 1 channel, 8000 Hz, 16 bits
  chunk 'data' at 36, 16000 bytes
  samples 100..103 on disk: 4830 3050 910 -1338
  samples 100..103 in memory: 4830 3050 910 -1338
[exit 0]
$ wavsynth $TMP/missing
mixed     peak 32768  rms 16223.40  clipped 561
low-pass  peak 29524  rms 13767.35  clipped 0
wavsynth: cannot write tones16.wav: not found
[exit 1]
$ wavsynth
usage: wavsynth DIR
[exit 2]
